180.76.15.142 - - [21/Mar/2017:19:44:00 +0000] "GET / HTTP/1.1" 200 43701 "-" "Mozilla/5.0 (compatible; Baiduspider/2.0; +http://www.baidu.com/search/spider.html)"
66.249.75.7 - - [21/Mar/2017:20:08:22 +0000] "GET /robots.txt HTTP/1.1" 404 516 "-" "Mozilla/5.0 (compatible; Googlebot/2.1; +http://www.google.com/bot.html)"
66.249.75.7 - - [21/Mar/2017:20:08:22 +0000] "GET / HTTP/1.1" 200 7001 "-" "Mozilla/5.0 AppleWebKit/537.36 (KHTML, like Gecko; Google Web Preview Analytics) Chrome/27.0.1453 Safari/537.36 (compatible; Googlebot/2.1; +http://www.google.com/bot.html)"
66.249.75.7 - - [21/Mar/2017:20:08:22 +0000] "GET /js/jqBootstrapValidation.js HTTP/1.1" 200 7133 "http://www.thefouroclockfive.com/" "Mozilla/5.0 AppleWebKit/537.36 (KHTML, like Gecko; Google Web Preview Analytics) Chrome/27.0.1453 Safari/537.36 (compatible; Googlebot/2.1; +http://www.google.com/bot.html)"
66.249.75.4 - - [21/Mar/2017:20:08:22 +0000] "GET /vendor/jquery/jquery.min.js HTTP/1.1" 200 34114 "http://www.thefouroclockfive.com/" "Mozilla/5.0 AppleWebKit/537.36 (KHTML, like Gecko; Google Web Preview Analytics) Chrome/27.0.1453 Safari/537.36 (compatible; Googlebot/2.1; +http://www.google.com/bot.html)"
66.249.75.7 - - [21/Mar/2017:20:08:22 +0000] "GET /vendor/font-awesome/css/font-awesome.min.css HTTP/1.1" 200 7003 "http://www.thefouroclockfive.com/" "Mozilla/5.0 AppleWebKit/537.36 (KHTML, like Gecko; Google Web Preview Analytics) Chrome/27.0.1453 Safari/537.36 (compatible; Googlebot/2.1; +http://www.google.com/bot.html)"
66.249.75.7 - - [21/Mar/2017:20:08:22 +0000] "GET /vendor/bootstrap/js/bootstrap.min.js HTTP/1.1" 200 10185 "http://www.thefouroclockfive.com/" "Mozilla/5.0 AppleWebKit/537.36 (KHTML, like Gecko; Google Web Preview Analytics) Chrome/27.0.1453 Safari/537.36 (compatible; Googlebot/2.1; +http://www.google.com/bot.html)"
66.249.75.7 - - [21/Mar/2017:20:08:22 +0000] "GET /js/freelancer.min.js HTTP/1.1" 200 902 "http://www.thefouroclockfive.com/" "Mozilla/5.0 AppleWebKit/537.36 (KHTML, like Gecko; Google Web Preview Analytics) Chrome/27.0.1453 Safari/537.36 (compatible; Googlebot/2.1; +http://www.google.com/bot.html)"
66.249.75.4 - - [21/Mar/2017:20:08:22 +0000] "GET /js/contact_me.js HTTP/1.1" 200 1308 "http://www.thefouroclockfive.com/" "Mozilla/5.0 AppleWebKit/537.36 (KHTML, like Gecko; Google Web Preview Analytics) Chrome/27.0.1453 Safari/537.36 (compatible; Googlebot/2.1; +http://www.google.com/bot.html)"
180.76.15.156 - - [21/Mar/2017:20:26:16 +0000] "GET / HTTP/1.1" 200 6965 "-" "Mozilla/5.0 (compatible; Baiduspider/2.0; +http://www.baidu.com/search/spider.html)"
180.76.15.21 - - [21/Mar/2017:20:36:22 +0000] "GET / HTTP/1.1" 200 43701 "-" "Mozilla/5.0 (compatible; Baiduspider/2.0; +http://www.baidu.com/search/spider.html)"
180.76.15.27 - - [21/Mar/2017:20:37:17 +0000] "GET / HTTP/1.1" 200 43701 "-" "Mozilla/5.0 (compatible; Baiduspider/2.0; +http://www.baidu.com/search/spider.html)"
180.76.15.13 - - [21/Mar/2017:21:42:43 +0000] "GET / HTTP/1.1" 200 43701 "-" "Mozilla/5.0 (compatible; Baiduspider/2.0; +http://www.baidu.com/search/spider.html)"
180.76.15.16 - - [21/Mar/2017:21:43:54 +0000] "GET / HTTP/1.1" 200 43701 "-" "Mozilla/5.0 (compatible; Baiduspider/2.0; +http://www.baidu.com/search/spider.html)"
180.76.15.148 - - [21/Mar/2017:22:35:21 +0000] "GET / HTTP/1.1" 200 43701 "-" "Mozilla/5.0 (compatible; Baiduspider/2.0; +http://www.baidu.com/search/spider.html)"
180.76.15.155 - - [21/Mar/2017:22:36:12 +0000] "GET / HTTP/1.1" 200 43701 "-" "Mozilla/5.0 (compatible; Baiduspider/2.0; +http://www.baidu.com/search/spider.html)"
180.76.15.139 - - [21/Mar/2017:23:39:40 +0000] "GET / HTTP/1.1" 200 43701 "-" "Mozilla/5.0 (compatible; Baiduspider/2.0; +http://www.baidu.com/search/spider.html)"
180.76.15.6 - - [21/Mar/2017:23:40:42 +0000] "GET / HTTP/1.1" 200 43701 "-" "Mozilla/5.0 (compatible; Baiduspider/2.0; +http://www.baidu.com/search/spider.html)"
180.76.15.27 - - [22/Mar/2017:00:37:15 +0000] "GET / HTTP/1.1" 200 43701 "-" "Mozilla/5.0 (compatible; Baiduspider/2.0; +http://www.baidu.com/search/spider.html)"
180.76.15.23 - - [22/Mar/2017:00:38:16 +0000] "GET / HTTP/1.1" 200 43701 "-" "Mozilla/5.0 (compatible; Baiduspider/2.0; +http://www.baidu.com/search/spider.html)"
180.76.15.143 - - [22/Mar/2017:01:41:22 +0000] "GET / HTTP/1.1" 200 43701 "-" "Mozilla/5.0 (compatible; Baiduspider/2.0; +http://www.baidu.com/search/spider.html)"
180.76.15.10 - - [22/Mar/2017:01:42:31 +0000] "GET / HTTP/1.1" 200 43701 "-" "Mozilla/5.0 (compatible; Baiduspider/2.0; +http://www.baidu.com/search/spider.html)"
93.81.226.118 - - [22/Mar/2017:01:57:15 +0000] "GET / HTTP/1.0" 200 43701 "http://thefouroclockfive.com/" "Mozilla/5.0 (Windows NT 10.0; WOW64) AppleWebKit/537.36 (KHTML, like Gecko) Chrome/48.0.2564.103 Safari/537.36"
93.81.226.118 - - [22/Mar/2017:01:57:17 +0000] "GET /index.php HTTP/1.0" 404 474 "http://thefouroclockfive.com/index.php" "Mozilla/5.0 (Windows NT 10.0; WOW64) AppleWebKit/537.36 (KHTML, like Gecko) Chrome/48.0.2564.103 Safari/537.36"
93.81.226.118 - - [22/Mar/2017:01:57:17 +0000] "GET /index.php HTTP/1.0" 404 474 "http://thefouroclockfive.com/index.php" "Mozilla/5.0 (Windows NT 10.0; WOW64) AppleWebKit/537.36 (KHTML, like Gecko) Chrome/48.0.2564.103 Safari/537.36"
93.81.226.118 - - [22/Mar/2017:01:57:18 +0000] "GET /index.php HTTP/1.0" 404 474 "http://thefouroclockfive.com/index.php" "Mozilla/5.0 (Windows NT 10.0; WOW64) AppleWebKit/537.36 (KHTML, like Gecko) Chrome/48.0.2564.103 Safari/537.36"
93.81.226.118 - - [22/Mar/2017:01:57:19 +0000] "GET /index.php HTTP/1.0" 404 474 "http://thefouroclockfive.com/index.php" "Mozilla/5.0 (Windows NT 10.0; WOW64) AppleWebKit/537.36 (KHTML, like Gecko) Chrome/48.0.2564.103 Safari/537.36"
180.76.15.144 - - [22/Mar/2017:02:33:11 +0000] "GET / HTTP/1.1" 200 43701 "-" "Mozilla/5.0 (compatible; Baiduspider/2.0; +http://www.baidu.com/search/spider.html)"
180.76.15.148 - - [22/Mar/2017:02:33:58 +0000] "GET / HTTP/1.1" 200 43701 "-" "Mozilla/5.0 (compatible; Baiduspider/2.0; +http://www.baidu.com/search/spider.html)"
180.76.15.163 - - [22/Mar/2017:03:44:06 +0000] "GET / HTTP/1.1" 200 43701 "-" "Mozilla/5.0 (compatible; Baiduspider/2.0; +http://www.baidu.com/search/spider.html)"
180.76.15.19 - - [22/Mar/2017:03:45:21 +0000] "GET / HTTP/1.1" 200 43701 "-" "Mozilla/5.0 (compatible; Baiduspider/2.0; +http://www.baidu.com/search/spider.html)"
180.76.15.11 - - [22/Mar/2017:04:37:28 +0000] "GET / HTTP/1.1" 200 43701 "-" "Mozilla/5.0 (compatible; Baiduspider/2.0; +http://www.baidu.com/search/spider.html)"
180.76.15.13 - - [22/Mar/2017:04:38:23 +0000] "GET / HTTP/1.1" 200 43701 "-" "Mozilla/5.0 (compatible; Baiduspider/2.0; +http://www.baidu.com/search/spider.html)"
180.76.15.8 - - [22/Mar/2017:05:39:44 +0000] "GET / HTTP/1.1" 200 43701 "-" "Mozilla/5.0 (compatible; Baiduspider/2.0; +http://www.baidu.com/search/spider.html)"
180.76.15.154 - - [22/Mar/2017:05:40:41 +0000] "GET / HTTP/1.1" 200 43701 "-" "Mozilla/5.0 (compatible; Baiduspider/2.0; +http://www.baidu.com/search/spider.html)"
66.249.75.1 - - [22/Mar/2017:06:14:35 +0000] "GET / HTTP/1.1" 200 7002 "-" "Mozilla/5.0 (compatible; Googlebot/2.1; +http://www.google.com/bot.html)"
66.249.75.7 - - [22/Mar/2017:06:14:38 +0000] "GET /vendor/bootstrap/js/bootstrap.min.js HTTP/1.1" 200 10185 "http://www.thefouroclockfive.com/" "Mozilla/5.0 (compatible; Googlebot/2.1; +http://www.google.com/bot.html)"
66.249.75.1 - - [22/Mar/2017:06:14:38 +0000] "GET /vendor/jquery/jquery.min.js HTTP/1.1" 200 34113 "http://www.thefouroclockfive.com/" "Mozilla/5.0 (compatible; Googlebot/2.1; +http://www.google.com/bot.html)"
66.249.75.4 - - [22/Mar/2017:06:14:40 +0000] "GET /js/jqBootstrapValidation.js HTTP/1.1" 200 7134 "http://www.thefouroclockfive.com/" "Mozilla/5.0 (compatible; Googlebot/2.1; +http://www.google.com/bot.html)"
66.249.75.7 - - [22/Mar/2017:06:14:46 +0000] "GET /vendor/bootstrap/css/bootstrap.min.css HTTP/1.1" 200 20084 "http://www.thefouroclockfive.com/" "Mozilla/5.0 (compatible; Googlebot/2.1; +http://www.google.com/bot.html)"
66.249.75.7 - - [22/Mar/2017:06:14:46 +0000] "GET /js/contact_me.js HTTP/1.1" 200 1308 "http://www.thefouroclockfive.com/" "Mozilla/5.0 (compatible; Googlebot/2.1; +http://www.google.com/bot.html)"
66.249.75.4 - - [22/Mar/2017:06:14:48 +0000] "GET /vendor/font-awesome/css/font-awesome.min.css HTTP/1.1" 200 7004 "http://www.thefouroclockfive.com/" "Mozilla/5.0 (compatible; Googlebot/2.1; +http://www.google.com/bot.html)"
180.76.15.20 - - [22/Mar/2017:06:37:39 +0000] "GET / HTTP/1.1" 200 43701 "-" "Mozilla/5.0 (compatible; Baiduspider/2.0; +http://www.baidu.com/search/spider.html)"
180.76.15.6 - - [22/Mar/2017:06:38:34 +0000] "GET / HTTP/1.1" 200 43701 "-" "Mozilla/5.0 (compatible; Baiduspider/2.0; +http://www.baidu.com/search/spider.html)"
66.249.75.7 - - [22/Mar/2017:07:13:58 +0000] "GET / HTTP/1.1" 200 7002 "-" "Mozilla/5.0 (compatible; Googlebot/2.1; +http://www.google.com/bot.html)"
66.249.75.4 - - [22/Mar/2017:07:14:02 +0000] "GET /js/freelancer.min.js HTTP/1.1" 200 902 "http://www.thefouroclockfive.com/" "Mozilla/5.0 (compatible; Googlebot/2.1; +http://www.google.com/bot.html)"
180.76.15.144 - - [22/Mar/2017:07:35:15 +0000] "GET / HTTP/1.1" 200 43701 "-" "Mozilla/5.0 (compatible; Baiduspider/2.0; +http://www.baidu.com/search/spider.html)"
180.76.15.24 - - [22/Mar/2017:07:36:09 +0000] "GET / HTTP/1.1" 200 43701 "-" "Mozilla/5.0 (compatible; Baiduspider/2.0; +http://www.baidu.com/search/spider.html)"
5.196.87.38 - - [22/Mar/2017:08:02:02 +0000] "GET /robots.txt HTTP/1.1" 404 460 "-" "Mozilla/5.0 (compatible; AhrefsBot/5.2; +http://ahrefs.com/robot/)"
180.76.15.16 - - [22/Mar/2017:08:34:05 +0000] "GET / HTTP/1.1" 200 43701 "-" "Mozilla/5.0 (compatible; Baiduspider/2.0; +http://www.baidu.com/search/spider.html)"
180.76.15.139 - - [22/Mar/2017:08:34:53 +0000] "GET / HTTP/1.1" 200 43701 "-" "Mozilla/5.0 (compatible; Baiduspider/2.0; +http://www.baidu.com/search/spider.html)"
66.249.75.1 - - [22/Mar/2017:08:52:02 +0000] "GET /robots.txt HTTP/1.1" 404 516 "-" "Mozilla/5.0 (compatible; Googlebot/2.1; +http://www.google.com/bot.html)"
66.249.75.4 - - [22/Mar/2017:08:52:24 +0000] "GET / HTTP/1.1" 200 7002 "-" "Mozilla/5.0 (Linux; Android 6.0.1; Nexus 5X Build/MMB29P) AppleWebKit/537.36 (KHTML, like Gecko) Chrome/41.0.2272.96 Mobile Safari/537.36 (compatible; Googlebot/2.1; +http://www.google.com/bot.html)"
66.249.75.1 - - [22/Mar/2017:08:52:57 +0000] "GET /css/freelancer.css HTTP/1.1" 200 3132 "http://www.thefouroclockfive.com/" "Mozilla/5.0 (compatible; Googlebot/2.1; +http://www.google.com/bot.html)"
180.76.15.158 - - [22/Mar/2017:09:35:20 +0000] "GET / HTTP/1.1" 200 43701 "-" "Mozilla/5.0 (compatible; Baiduspider/2.0; +http://www.baidu.com/search/spider.html)"
180.76.15.145 - - [22/Mar/2017:09:36:11 +0000] "GET / HTTP/1.1" 200 43701 "-" "Mozilla/5.0 (compatible; Baiduspider/2.0; +http://www.baidu.com/search/spider.html)"
180.76.15.23 - - [22/Mar/2017:10:35:03 +0000] "GET / HTTP/1.1" 200 43701 "-" "Mozilla/5.0 (compatible; Baiduspider/2.0; +http://www.baidu.com/search/spider.html)"
180.76.15.6 - - [22/Mar/2017:10:35:54 +0000] "GET / HTTP/1.1" 200 43701 "-" "Mozilla/5.0 (compatible; Baiduspider/2.0; +http://www.baidu.com/search/spider.html)"
158.69.247.182 - - [22/Mar/2017:10:43:37 +0000] "GET / HTTP/1.1" 200 6946 "-" "Mozilla/5.0 (compatible; WebHistoryBot/1.2.1 IS NOT SE bot like Googlebot/2.1; +http://www.google.com/bot.html,Yahoo! Slurp or Bingbot)"
180.76.15.147 - - [22/Mar/2017:11:41:25 +0000] "GET / HTTP/1.1" 200 43701 "-" "Mozilla/5.0 (compatible; Baiduspider/2.0; +http://www.baidu.com/search/spider.html)"
180.76.15.24 - - [22/Mar/2017:11:42:32 +0000] "GET / HTTP/1.1" 200 43701 "-" "Mozilla/5.0 (compatible; Baiduspider/2.0; +http://www.baidu.com/search/spider.html)"
180.76.15.15 - - [22/Mar/2017:11:59:04 +0000] "GET / HTTP/1.1" 200 6965 "-" "Mozilla/5.0 (compatible; Baiduspider/2.0; +http://www.baidu.com/search/spider.html)"
180.76.15.8 - - [22/Mar/2017:12:32:24 +0000] "GET / HTTP/1.1" 200 6965 "-" "Mozilla/5.0 (compatible; Baiduspider/2.0; +http://www.baidu.com/search/spider.html)"
180.76.15.142 - - [22/Mar/2017:12:40:04 +0000] "GET / HTTP/1.1" 200 43701 "-" "Mozilla/5.0 (compatible; Baiduspider/2.0; +http://www.baidu.com/search/spider.html)"
180.76.15.8 - - [22/Mar/2017:12:41:05 +0000] "GET / HTTP/1.1" 200 43701 "-" "Mozilla/5.0 (compatible; Baiduspider/2.0; +http://www.baidu.com/search/spider.html)"
180.76.15.18 - - [22/Mar/2017:13:40:38 +0000] "GET / HTTP/1.1" 200 43701 "-" "Mozilla/5.0 (compatible; Baiduspider/2.0; +http://www.baidu.com/search/spider.html)"
180.76.15.143 - - [22/Mar/2017:13:41:45 +0000] "GET / HTTP/1.1" 200 43701 "-" "Mozilla/5.0 (compatible; Baiduspider/2.0; +http://www.baidu.com/search/spider.html)"
65.130.13.191 - - [22/Mar/2017:14:12:29 +0000] "GET / HTTP/1.1" 200 7002 "-" "Mozilla/5.0 (iPhone; CPU iPhone OS 10_2_1 like Mac OS X) AppleWebKit/602.4.6 (KHTML, like Gecko) Version/10.0 Mobile/14D27 Safari/602.1"
65.130.13.191 - - [22/Mar/2017:14:12:29 +0000] "GET /vendor/bootstrap/css/bootstrap.min.css HTTP/1.1" 200 20083 "http://www.thefouroclockfive.com/" "Mozilla/5.0 (iPhone; CPU iPhone OS 10_2_1 like Mac OS X) AppleWebKit/602.4.6 (KHTML, like Gecko) Version/10.0 Mobile/14D27 Safari/602.1"
65.130.13.191 - - [22/Mar/2017:14:12:29 +0000] "GET /css/freelancer.css HTTP/1.1" 200 3132 "http://www.thefouroclockfive.com/" "Mozilla/5.0 (iPhone; CPU iPhone OS 10_2_1 like Mac OS X) AppleWebKit/602.4.6 (KHTML, like Gecko) Version/10.0 Mobile/14D27 Safari/602.1"
65.130.13.191 - - [22/Mar/2017:14:12:29 +0000] "GET /vendor/font-awesome/css/font-awesome.min.css HTTP/1.1" 200 7004 "http://www.thefouroclockfive.com/" "Mozilla/5.0 (iPhone; CPU iPhone OS 10_2_1 like Mac OS X) AppleWebKit/602.4.6 (KHTML, like Gecko) Version/10.0 Mobile/14D27 Safari/602.1"
65.130.13.191 - - [22/Mar/2017:14:12:29 +0000] "GET /img/icon.png HTTP/1.1" 200 13954 "http://www.thefouroclockfive.com/" "Mozilla/5.0 (iPhone; CPU iPhone OS 10_2_1 like Mac OS X) AppleWebKit/602.4.6 (KHTML, like Gecko) Version/10.0 Mobile/14D27 Safari/602.1"
65.130.13.191 - - [22/Mar/2017:14:12:29 +0000] "GET /vendor/jquery/jquery.min.js HTTP/1.1" 200 34113 "http://www.thefouroclockfive.com/" "Mozilla/5.0 (iPhone; CPU iPhone OS 10_2_1 like Mac OS X) AppleWebKit/602.4.6 (KHTML, like Gecko) Version/10.0 Mobile/14D27 Safari/602.1"
65.130.13.191 - - [22/Mar/2017:14:12:29 +0000] "GET /vendor/bootstrap/js/bootstrap.min.js HTTP/1.1" 200 10184 "http://www.thefouroclockfive.com/" "Mozilla/5.0 (iPhone; CPU iPhone OS 10_2_1 like Mac OS X) AppleWebKit/602.4.6 (KHTML, like Gecko) Version/10.0 Mobile/14D27 Safari/602.1"
65.130.13.191 - - [22/Mar/2017:14:12:30 +0000] "GET /js/jqBootstrapValidation.js HTTP/1.1" 200 7133 "http://www.thefouroclockfive.com/" "Mozilla/5.0 (iPhone; CPU iPhone OS 10_2_1 like Mac OS X) AppleWebKit/602.4.6 (KHTML, like Gecko) Version/10.0 Mobile/14D27 Safari/602.1"
65.130.13.191 - - [22/Mar/2017:14:12:30 +0000] "GET /js/freelancer.min.js HTTP/1.1" 200 901 "http://www.thefouroclockfive.com/" "Mozilla/5.0 (iPhone; CPU iPhone OS 10_2_1 like Mac OS X) AppleWebKit/602.4.6 (KHTML, like Gecko) Version/10.0 Mobile/14D27 Safari/602.1"
65.130.13.191 - - [22/Mar/2017:14:12:30 +0000] "GET /img/portfolio/album-art.jpg HTTP/1.1" 200 39895 "http://www.thefouroclockfive.com/" "Mozilla/5.0 (iPhone; CPU iPhone OS 10_2_1 like Mac OS X) AppleWebKit/602.4.6 (KHTML, like Gecko) Version/10.0 Mobile/14D27 Safari/602.1"
65.130.13.191 - - [22/Mar/2017:14:12:30 +0000] "GET /img/portfolio/elegy-mario.jpg HTTP/1.1" 200 23706 "http://www.thefouroclockfive.com/" "Mozilla/5.0 (iPhone; CPU iPhone OS 10_2_1 like Mac OS X) AppleWebKit/602.4.6 (KHTML, like Gecko) Version/10.0 Mobile/14D27 Safari/602.1"
65.130.13.191 - - [22/Mar/2017:14:12:30 +0000] "GET /js/contact_me.js HTTP/1.1" 200 1307 "http://www.thefouroclockfive.com/" "Mozilla/5.0 (iPhone; CPU iPhone OS 10_2_1 like Mac OS X) AppleWebKit/602.4.6 (KHTML, like Gecko) Version/10.0 Mobile/14D27 Safari/602.1"
65.130.13.191 - - [22/Mar/2017:14:12:30 +0000] "GET /img/portfolio/josh.jpg HTTP/1.1" 200 67532 "http://www.thefouroclockfive.com/" "Mozilla/5.0 (iPhone; CPU iPhone OS 10_2_1 like Mac OS X) AppleWebKit/602.4.6 (KHTML, like Gecko) Version/10.0 Mobile/14D27 Safari/602.1"
65.130.13.191 - - [22/Mar/2017:14:12:30 +0000] "GET /img/portfolio/radio.jpg HTTP/1.1" 200 306671 "http://www.thefouroclockfive.com/" "Mozilla/5.0 (iPhone; CPU iPhone OS 10_2_1 like Mac OS X) AppleWebKit/602.4.6 (KHTML, like Gecko) Version/10.0 Mobile/14D27 Safari/602.1"
65.130.13.191 - - [22/Mar/2017:14:12:30 +0000] "GET /img/portfolio/aj.jpg HTTP/1.1" 200 64624 "http://www.thefouroclockfive.com/" "Mozilla/5.0 (iPhone; CPU iPhone OS 10_2_1 like Mac OS X) AppleWebKit/602.4.6 (KHTML, like Gecko) Version/10.0 Mobile/14D27 Safari/602.1"
65.130.13.191 - - [22/Mar/2017:14:12:30 +0000] "GET /img/portfolio/mario.jpg HTTP/1.1" 200 74033 "http://www.thefouroclockfive.com/" "Mozilla/5.0 (iPhone; CPU iPhone OS 10_2_1 like Mac OS X) AppleWebKit/602.4.6 (KHTML, like Gecko) Version/10.0 Mobile/14D27 Safari/602.1"
65.130.13.191 - - [22/Mar/2017:14:12:30 +0000] "GET /vendor/font-awesome/fonts/fontawesome-webfont.woff2?v=4.6.3 HTTP/1.1" 200 72159 "http://www.thefouroclockfive.com/" "Mozilla/5.0 (iPhone; CPU iPhone OS 10_2_1 like Mac OS X) AppleWebKit/602.4.6 (KHTML, like Gecko) Version/10.0 Mobile/14D27 Safari/602.1"
65.130.13.191 - - [22/Mar/2017:14:12:31 +0000] "GET /img/portfolio/friends.png HTTP/1.1" 200 13017 "http://www.thefouroclockfive.com/" "Mozilla/5.0 (iPhone; CPU iPhone OS 10_2_1 like Mac OS X) AppleWebKit/602.4.6 (KHTML, like Gecko) Version/10.0 Mobile/14D27 Safari/602.1"
65.130.13.191 - - [22/Mar/2017:14:12:31 +0000] "GET /img/portfolio/ryan.jpg HTTP/1.1" 200 80755 "http://www.thefouroclockfive.com/" "Mozilla/5.0 (iPhone; CPU iPhone OS 10_2_1 like Mac OS X) AppleWebKit/602.4.6 (KHTML, like Gecko) Version/10.0 Mobile/14D27 Safari/602.1"
65.130.13.191 - - [22/Mar/2017:14:12:31 +0000] "GET /img/portfolio/game.png HTTP/1.1" 404 527 "http://www.thefouroclockfive.com/" "Mozilla/5.0 (iPhone; CPU iPhone OS 10_2_1 like Mac OS X) AppleWebKit/602.4.6 (KHTML, like Gecko) Version/10.0 Mobile/14D27 Safari/602.1"
65.130.13.191 - - [22/Mar/2017:14:12:31 +0000] "GET /img/portfolio/adam.jpg HTTP/1.1" 200 59367 "http://www.thefouroclockfive.com/" "Mozilla/5.0 (iPhone; CPU iPhone OS 10_2_1 like Mac OS X) AppleWebKit/602.4.6 (KHTML, like Gecko) Version/10.0 Mobile/14D27 Safari/602.1"
65.130.13.191 - - [22/Mar/2017:14:12:31 +0000] "GET /img/portfolio/submarine.png HTTP/1.1" 404 532 "http://www.thefouroclockfive.com/" "Mozilla/5.0 (iPhone; CPU iPhone OS 10_2_1 like Mac OS X) AppleWebKit/602.4.6 (KHTML, like Gecko) Version/10.0 Mobile/14D27 Safari/602.1"
65.130.13.191 - - [22/Mar/2017:14:12:31 +0000] "GET /img/portfolio/josh-big.jpg HTTP/1.1" 200 70693 "http://www.thefouroclockfive.com/" "Mozilla/5.0 (iPhone; CPU iPhone OS 10_2_1 like Mac OS X) AppleWebKit/602.4.6 (KHTML, like Gecko) Version/10.0 Mobile/14D27 Safari/602.1"
65.130.13.191 - - [22/Mar/2017:14:12:31 +0000] "GET /img/portfolio/safe.png HTTP/1.1" 404 527 "http://www.thefouroclockfive.com/" "Mozilla/5.0 (iPhone; CPU iPhone OS 10_2_1 like Mac OS X) AppleWebKit/602.4.6 (KHTML, like Gecko) Version/10.0 Mobile/14D27 Safari/602.1"
65.130.13.191 - - [22/Mar/2017:14:12:31 +0000] "GET /img/portfolio/aj-big.jpg HTTP/1.1" 200 169690 "http://www.thefouroclockfive.com/" "Mozilla/5.0 (iPhone; CPU iPhone OS 10_2_1 like Mac OS X) AppleWebKit/602.4.6 (KHTML, like Gecko) Version/10.0 Mobile/14D27 Safari/602.1"
65.130.13.191 - - [22/Mar/2017:14:12:31 +0000] "GET /img/portfolio/mario-big.jpg HTTP/1.1" 200 209811 "http://www.thefouroclockfive.com/" "Mozilla/5.0 (iPhone; CPU iPhone OS 10_2_1 like Mac OS X) AppleWebKit/602.4.6 (KHTML, like Gecko) Version/10.0 Mobile/14D27 Safari/602.1"
65.130.13.191 - - [22/Mar/2017:14:12:31 +0000] "GET /img/portfolio/ryan-big.jpg HTTP/1.1" 200 195424 "http://www.thefouroclockfive.com/" "Mozilla/5.0 (iPhone; CPU iPhone OS 10_2_1 like Mac OS X) AppleWebKit/602.4.6 (KHTML, like Gecko) Version/10.0 Mobile/14D27 Safari/602.1"
65.130.13.191 - - [22/Mar/2017:14:12:31 +0000] "GET /img/portfolio/adam-big.jpg HTTP/1.1" 200 167487 "http://www.thefouroclockfive.com/" "Mozilla/5.0 (iPhone; CPU iPhone OS 10_2_1 like Mac OS X) AppleWebKit/602.4.6 (KHTML, like Gecko) Version/10.0 Mobile/14D27 Safari/602.1"
180.76.15.21 - - [22/Mar/2017:14:32:54 +0000] "GET / HTTP/1.1" 200 43701 "-" "Mozilla/5.0 (compatible; Baiduspider/2.0; +http://www.baidu.com/search/spider.html)"
180.76.15.5 - - [22/Mar/2017:14:33:42 +0000] "GET / HTTP/1.1" 200 43701 "-" "Mozilla/5.0 (compatible; Baiduspider/2.0; +http://www.baidu.com/search/spider.html)"
5.255.250.72 - - [22/Mar/2017:15:23:12 +0000] "GET /robots.txt HTTP/1.1" 404 516 "-" "Mozilla/5.0 (compatible; YandexBot/3.0; +http://yandex.com/bots)"
5.255.250.72 - - [22/Mar/2017:15:23:16 +0000] "GET / HTTP/1.1" 200 7001 "-" "Mozilla/5.0 (compatible; YandexBot/3.0; +http://yandex.com/bots)"
180.76.15.138 - - [22/Mar/2017:15:42:43 +0000] "GET / HTTP/1.1" 200 43701 "-" "Mozilla/5.0 (compatible; Baiduspider/2.0; +http://www.baidu.com/search/spider.html)"
180.76.15.9 - - [22/Mar/2017:15:43:52 +0000] "GET / HTTP/1.1" 200 43701 "-" "Mozilla/5.0 (compatible; Baiduspider/2.0; +http://www.baidu.com/search/spider.html)"
185.13.112.41 - - [22/Mar/2017:15:58:46 +0000] "GET / HTTP/1.0" 200 43701 "http://thefouroclockfive.com/" "Mozilla/5.0 (Windows NT 10.0; WOW64) AppleWebKit/537.36 (KHTML, like Gecko) Chrome/48.0.2564.109 Safari/537.36"
180.76.15.139 - - [22/Mar/2017:16:38:31 +0000] "GET / HTTP/1.1" 200 43701 "-" "Mozilla/5.0 (compatible; Baiduspider/2.0; +http://www.baidu.com/search/spider.html)"
180.76.15.149 - - [22/Mar/2017:16:39:30 +0000] "GET / HTTP/1.1" 200 43701 "-" "Mozilla/5.0 (compatible; Baiduspider/2.0; +http://www.baidu.com/search/spider.html)"
180.76.15.32 - - [22/Mar/2017:17:15:35 +0000] "GET / HTTP/1.1" 200 6965 "-" "Mozilla/5.0 (compatible; Baiduspider/2.0; +http://www.baidu.com/search/spider.html)"
180.76.15.150 - - [22/Mar/2017:17:42:51 +0000] "GET / HTTP/1.1" 200 43701 "-" "Mozilla/5.0 (compatible; Baiduspider/2.0; +http://www.baidu.com/search/spider.html)"
180.76.15.34 - - [22/Mar/2017:17:43:50 +0000] "GET / HTTP/1.1" 200 43701 "-" "Mozilla/5.0 (compatible; Baiduspider/2.0; +http://www.baidu.com/search/spider.html)"
180.76.15.163 - - [22/Mar/2017:18:37:05 +0000] "GET / HTTP/1.1" 200 43701 "-" "Mozilla/5.0 (compatible; Baiduspider/2.0; +http://www.baidu.com/search/spider.html)"
180.76.15.8 - - [22/Mar/2017:18:37:59 +0000] "GET / HTTP/1.1" 200 43701 "-" "Mozilla/5.0 (compatible; Baiduspider/2.0; +http://www.baidu.com/search/spider.html)"
180.76.15.144 - - [22/Mar/2017:19:42:47 +0000] "GET / HTTP/1.1" 200 43701 "-" "Mozilla/5.0 (compatible; Baiduspider/2.0; +http://www.baidu.com/search/spider.html)"
180.76.15.9 - - [22/Mar/2017:19:43:56 +0000] "GET / HTTP/1.1" 200 43701 "-" "Mozilla/5.0 (compatible; Baiduspider/2.0; +http://www.baidu.com/search/spider.html)"
180.76.15.25 - - [22/Mar/2017:20:36:04 +0000] "GET / HTTP/1.1" 200 43701 "-" "Mozilla/5.0 (compatible; Baiduspider/2.0; +http://www.baidu.com/search/spider.html)"
180.76.15.33 - - [22/Mar/2017:20:36:58 +0000] "GET / HTTP/1.1" 200 43701 "-" "Mozilla/5.0 (compatible; Baiduspider/2.0; +http://www.baidu.com/search/spider.html)"
180.76.15.30 - - [22/Mar/2017:21:43:00 +0000] "GET / HTTP/1.1" 200 43701 "-" "Mozilla/5.0 (compatible; Baiduspider/2.0; +http://www.baidu.com/search/spider.html)"
180.76.15.145 - - [22/Mar/2017:21:44:09 +0000] "GET / HTTP/1.1" 200 43701 "-" "Mozilla/5.0 (compatible; Baiduspider/2.0; +http://www.baidu.com/search/spider.html)"
180.76.15.146 - - [22/Mar/2017:23:38:42 +0000] "GET / HTTP/1.1" 200 43701 "-" "Mozilla/5.0 (compatible; Baiduspider/2.0; +http://www.baidu.com/search/spider.html)"
180.76.15.162 - - [22/Mar/2017:23:39:43 +0000] "GET / HTTP/1.1" 200 43701 "-" "Mozilla/5.0 (compatible; Baiduspider/2.0; +http://www.baidu.com/search/spider.html)"
180.76.15.9 - - [23/Mar/2017:00:37:24 +0000] "GET / HTTP/1.1" 200 43701 "-" "Mozilla/5.0 (compatible; Baiduspider/2.0; +http://www.baidu.com/search/spider.html)"
180.76.15.156 - - [23/Mar/2017:00:38:20 +0000] "GET / HTTP/1.1" 200 43701 "-" "Mozilla/5.0 (compatible; Baiduspider/2.0; +http://www.baidu.com/search/spider.html)"
66.249.79.181 - - [23/Mar/2017:01:20:02 +0000] "GET /robots.txt HTTP/1.1" 404 512 "-" "Mozilla/5.0 (compatible; Googlebot/2.1; +http://www.google.com/bot.html)"
66.249.79.178 - - [23/Mar/2017:01:20:02 +0000] "GET / HTTP/1.1" 200 7002 "-" "Mozilla/5.0 (compatible; Googlebot/2.1; +http://www.google.com/bot.html)"
66.249.79.178 - - [23/Mar/2017:01:28:34 +0000] "GET /archives.html HTTP/1.1" 200 4129 "-" "Mozilla/5.0 (compatible; Googlebot/2.1; +http://www.google.com/bot.html)"
66.249.79.181 - - [23/Mar/2017:01:30:36 +0000] "GET /index.html HTTP/1.1" 200 7002 "-" "Mozilla/5.0 (compatible; Googlebot/2.1; +http://www.google.com/bot.html)"
180.76.15.160 - - [23/Mar/2017:01:41:31 +0000] "GET / HTTP/1.1" 200 43701 "-" "Mozilla/5.0 (compatible; Baiduspider/2.0; +http://www.baidu.com/search/spider.html)"
180.76.15.137 - - [23/Mar/2017:01:42:41 +0000] "GET / HTTP/1.1" 200 43701 "-" "Mozilla/5.0 (compatible; Baiduspider/2.0; +http://www.baidu.com/search/spider.html)"
66.249.79.175 - - [23/Mar/2017:01:47:54 +0000] "GET / HTTP/1.1" 200 7002 "-" "Mozilla/5.0 (compatible; Googlebot/2.1; +http://www.google.com/bot.html)"
66.249.79.181 - - [23/Mar/2017:02:12:43 +0000] "GET / HTTP/1.1" 200 7002 "-" "Mozilla/5.0 (Linux; Android 6.0.1; Nexus 5X Build/MMB29P) AppleWebKit/537.36 (KHTML, like Gecko) Chrome/41.0.2272.96 Mobile Safari/537.36 (compatible; Googlebot/2.1; +http://www.google.com/bot.html)"
180.76.15.29 - - [23/Mar/2017:02:32:24 +0000] "GET / HTTP/1.1" 200 43701 "-" "Mozilla/5.0 (compatible; Baiduspider/2.0; +http://www.baidu.com/search/spider.html)"
180.76.15.20 - - [23/Mar/2017:02:33:09 +0000] "GET / HTTP/1.1" 200 43701 "-" "Mozilla/5.0 (compatible; Baiduspider/2.0; +http://www.baidu.com/search/spider.html)"
93.160.60.32 - - [23/Mar/2017:03:18:21 +0000] "GET / HTTP/1.1" 200 43738 "-" "Mozilla/4.0 (compatible; MSIE 7.0; Windows NT 5.0) Match by Siteimprove.com"
180.76.15.7 - - [23/Mar/2017:03:44:50 +0000] "GET / HTTP/1.1" 200 43701 "-" "Mozilla/5.0 (compatible; Baiduspider/2.0; +http://www.baidu.com/search/spider.html)"
180.76.15.18 - - [23/Mar/2017:03:46:07 +0000] "GET / HTTP/1.1" 200 43701 "-" "Mozilla/5.0 (compatible; Baiduspider/2.0; +http://www.baidu.com/search/spider.html)"
66.249.75.1 - - [23/Mar/2017:03:51:14 +0000] "GET /robots.txt HTTP/1.1" 404 516 "-" "Mozilla/5.0 (compatible; Googlebot/2.1; +http://www.google.com/bot.html)"
66.249.69.131 - - [23/Mar/2017:03:56:02 +0000] "GET / HTTP/1.1" 200 7002 "-" "Mozilla/5.0 (compatible; Googlebot/2.1; +http://www.google.com/bot.html)"
180.76.15.27 - - [23/Mar/2017:04:37:19 +0000] "GET / HTTP/1.1" 200 43701 "-" "Mozilla/5.0 (compatible; Baiduspider/2.0; +http://www.baidu.com/search/spider.html)"
180.76.15.18 - - [23/Mar/2017:04:38:15 +0000] "GET / HTTP/1.1" 200 43701 "-" "Mozilla/5.0 (compatible; Baiduspider/2.0; +http://www.baidu.com/search/spider.html)"
180.76.15.150 - - [23/Mar/2017:05:39:36 +0000] "GET / HTTP/1.1" 200 43701 "-" "Mozilla/5.0 (compatible; Baiduspider/2.0; +http://www.baidu.com/search/spider.html)"
180.76.15.14 - - [23/Mar/2017:05:40:31 +0000] "GET / HTTP/1.1" 200 43701 "-" "Mozilla/5.0 (compatible; Baiduspider/2.0; +http://www.baidu.com/search/spider.html)"
180.76.15.153 - - [23/Mar/2017:06:37:09 +0000] "GET / HTTP/1.1" 200 43701 "-" "Mozilla/5.0 (compatible; Baiduspider/2.0; +http://www.baidu.com/search/spider.html)"
180.76.15.156 - - [23/Mar/2017:06:38:07 +0000] "GET / HTTP/1.1" 200 43701 "-" "Mozilla/5.0 (compatible; Baiduspider/2.0; +http://www.baidu.com/search/spider.html)"
180.76.15.17 - - [23/Mar/2017:07:43:10 +0000] "GET / HTTP/1.1" 200 43701 "-" "Mozilla/5.0 (compatible; Baiduspider/2.0; +http://www.baidu.com/search/spider.html)"
180.76.15.150 - - [23/Mar/2017:07:44:22 +0000] "GET / HTTP/1.1" 200 43701 "-" "Mozilla/5.0 (compatible; Baiduspider/2.0; +http://www.baidu.com/search/spider.html)"
193.107.3.200 - - [23/Mar/2017:08:07:47 +0000] "GET / HTTP/1.0" 200 43701 "http://thefouroclockfive.com/" "Mozilla/5.0 (Windows NT 6.3; WOW64) AppleWebKit/537.36 (KHTML, like Gecko) Chrome/48.0.2564.116 Safari/537.36"
93.160.60.32 - - [23/Mar/2017:08:18:43 +0000] "GET / HTTP/1.1" 200 43738 "-" "Mozilla/4.0 (compatible; MSIE 7.0; Windows NT 5.0) Match by Siteimprove.com"
180.76.15.156 - - [23/Mar/2017:08:34:53 +0000] "GET / HTTP/1.1" 200 43701 "-" "Mozilla/5.0 (compatible; Baiduspider/2.0; +http://www.baidu.com/search/spider.html)"
180.76.15.161 - - [23/Mar/2017:08:35:44 +0000] "GET / HTTP/1.1" 200 43701 "-" "Mozilla/5.0 (compatible; Baiduspider/2.0; +http://www.baidu.com/search/spider.html)"
180.76.15.150 - - [23/Mar/2017:09:42:20 +0000] "GET / HTTP/1.1" 200 43701 "-" "Mozilla/5.0 (compatible; Baiduspider/2.0; +http://www.baidu.com/search/spider.html)"
180.76.15.143 - - [23/Mar/2017:09:43:27 +0000] "GET / HTTP/1.1" 200 43701 "-" "Mozilla/5.0 (compatible; Baiduspider/2.0; +http://www.baidu.com/search/spider.html)"
180.76.15.27 - - [23/Mar/2017:10:34:38 +0000] "GET / HTTP/1.1" 200 43701 "-" "Mozilla/5.0 (compatible; Baiduspider/2.0; +http://www.baidu.com/search/spider.html)"
180.76.15.25 - - [23/Mar/2017:10:35:29 +0000] "GET / HTTP/1.1" 200 43701 "-" "Mozilla/5.0 (compatible; Baiduspider/2.0; +http://www.baidu.com/search/spider.html)"
180.76.15.140 - - [23/Mar/2017:11:42:19 +0000] "GET / HTTP/1.1" 200 43701 "-" "Mozilla/5.0 (compatible; Baiduspider/2.0; +http://www.baidu.com/search/spider.html)"
180.76.15.12 - - [23/Mar/2017:11:43:27 +0000] "GET / HTTP/1.1" 200 43701 "-" "Mozilla/5.0 (compatible; Baiduspider/2.0; +http://www.baidu.com/search/spider.html)"
180.76.15.149 - - [23/Mar/2017:12:39:34 +0000] "GET / HTTP/1.1" 200 43701 "-" "Mozilla/5.0 (compatible; Baiduspider/2.0; +http://www.baidu.com/search/spider.html)"
180.76.15.13 - - [23/Mar/2017:12:40:35 +0000] "GET / HTTP/1.1" 200 43701 "-" "Mozilla/5.0 (compatible; Baiduspider/2.0; +http://www.baidu.com/search/spider.html)"
180.76.15.14 - - [23/Mar/2017:13:41:31 +0000] "GET / HTTP/1.1" 200 43701 "-" "Mozilla/5.0 (compatible; Baiduspider/2.0; +http://www.baidu.com/search/spider.html)"
180.76.15.148 - - [23/Mar/2017:13:42:38 +0000] "GET / HTTP/1.1" 200 43701 "-" "Mozilla/5.0 (compatible; Baiduspider/2.0; +http://www.baidu.com/search/spider.html)"
67.205.157.72 - - [23/Mar/2017:14:12:46 +0000] "GET / HTTP/1.1" 200 7002 "-" "Mozilla/5.0 (Windows NT; Win64; x64; rv:10.0) Gecko/20100101 Firefox/10.0"
75.1.71.230 - - [23/Mar/2017:14:15:52 +0000] "GET / HTTP/1.1" 200 7002 "-" "Mozilla/5.0 (iPhone; CPU iPhone OS 10_2_1 like Mac OS X) AppleWebKit/602.4.6 (KHTML, like Gecko) Version/10.0 Mobile/14D27 Safari/602.1"
75.1.71.230 - - [23/Mar/2017:14:15:53 +0000] "GET /vendor/bootstrap/css/bootstrap.min.css HTTP/1.1" 200 20083 "http://www.thefouroclockfive.com/" "Mozilla/5.0 (iPhone; CPU iPhone OS 10_2_1 like Mac OS X) AppleWebKit/602.4.6 (KHTML, like Gecko) Version/10.0 Mobile/14D27 Safari/602.1"
75.1.71.230 - - [23/Mar/2017:14:15:53 +0000] "GET /css/freelancer.css HTTP/1.1" 200 3132 "http://www.thefouroclockfive.com/" "Mozilla/5.0 (iPhone; CPU iPhone OS 10_2_1 like Mac OS X) AppleWebKit/602.4.6 (KHTML, like Gecko) Version/10.0 Mobile/14D27 Safari/602.1"
75.1.71.230 - - [23/Mar/2017:14:15:53 +0000] "GET /vendor/font-awesome/css/font-awesome.min.css HTTP/1.1" 200 7004 "http://www.thefouroclockfive.com/" "Mozilla/5.0 (iPhone; CPU iPhone OS 10_2_1 like Mac OS X) AppleWebKit/602.4.6 (KHTML, like Gecko) Version/10.0 Mobile/14D27 Safari/602.1"
75.1.71.230 - - [23/Mar/2017:14:15:53 +0000] "GET /vendor/jquery/jquery.min.js HTTP/1.1" 200 34113 "http://www.thefouroclockfive.com/" "Mozilla/5.0 (iPhone; CPU iPhone OS 10_2_1 like Mac OS X) AppleWebKit/602.4.6 (KHTML, like Gecko) Version/10.0 Mobile/14D27 Safari/602.1"
75.1.71.230 - - [23/Mar/2017:14:15:53 +0000] "GET /vendor/bootstrap/js/bootstrap.min.js HTTP/1.1" 200 10184 "http://www.thefouroclockfive.com/" "Mozilla/5.0 (iPhone; CPU iPhone OS 10_2_1 like Mac OS X) AppleWebKit/602.4.6 (KHTML, like Gecko) Version/10.0 Mobile/14D27 Safari/602.1"
75.1.71.230 - - [23/Mar/2017:14:15:53 +0000] "GET /js/jqBootstrapValidation.js HTTP/1.1" 200 7133 "http://www.thefouroclockfive.com/" "Mozilla/5.0 (iPhone; CPU iPhone OS 10_2_1 like Mac OS X) AppleWebKit/602.4.6 (KHTML, like Gecko) Version/10.0 Mobile/14D27 Safari/602.1"
75.1.71.230 - - [23/Mar/2017:14:15:53 +0000] "GET /js/contact_me.js HTTP/1.1" 200 1307 "http://www.thefouroclockfive.com/" "Mozilla/5.0 (iPhone; CPU iPhone OS 10_2_1 like Mac OS X) AppleWebKit/602.4.6 (KHTML, like Gecko) Version/10.0 Mobile/14D27 Safari/602.1"
75.1.71.230 - - [23/Mar/2017:14:15:53 +0000] "GET /js/freelancer.min.js HTTP/1.1" 200 901 "http://www.thefouroclockfive.com/" "Mozilla/5.0 (iPhone; CPU iPhone OS 10_2_1 like Mac OS X) AppleWebKit/602.4.6 (KHTML, like Gecko) Version/10.0 Mobile/14D27 Safari/602.1"
75.1.71.230 - - [23/Mar/2017:14:15:53 +0000] "GET /img/portfolio/album-art.jpg HTTP/1.1" 200 39895 "http://www.thefouroclockfive.com/" "Mozilla/5.0 (iPhone; CPU iPhone OS 10_2_1 like Mac OS X) AppleWebKit/602.4.6 (KHTML, like Gecko) Version/10.0 Mobile/14D27 Safari/602.1"
75.1.71.230 - - [23/Mar/2017:14:15:53 +0000] "GET /img/portfolio/elegy-mario.jpg HTTP/1.1" 200 23706 "http://www.thefouroclockfive.com/" "Mozilla/5.0 (iPhone; CPU iPhone OS 10_2_1 like Mac OS X) AppleWebKit/602.4.6 (KHTML, like Gecko) Version/10.0 Mobile/14D27 Safari/602.1"
75.1.71.230 - - [23/Mar/2017:14:15:53 +0000] "GET /img/portfolio/josh.jpg HTTP/1.1" 200 67532 "http://www.thefouroclockfive.com/" "Mozilla/5.0 (iPhone; CPU iPhone OS 10_2_1 like Mac OS X) AppleWebKit/602.4.6 (KHTML, like Gecko) Version/10.0 Mobile/14D27 Safari/602.1"
75.1.71.230 - - [23/Mar/2017:14:15:53 +0000] "GET /vendor/font-awesome/fonts/fontawesome-webfont.woff2?v=4.6.3 HTTP/1.1" 200 72159 "http://www.thefouroclockfive.com/" "Mozilla/5.0 (iPhone; CPU iPhone OS 10_2_1 like Mac OS X) AppleWebKit/602.4.6 (KHTML, like Gecko) Version/10.0 Mobile/14D27 Safari/602.1"
75.1.71.230 - - [23/Mar/2017:14:15:53 +0000] "GET /img/portfolio/radio.jpg HTTP/1.1" 200 306671 "http://www.thefouroclockfive.com/" "Mozilla/5.0 (iPhone; CPU iPhone OS 10_2_1 like Mac OS X) AppleWebKit/602.4.6 (KHTML, like Gecko) Version/10.0 Mobile/14D27 Safari/602.1"
75.1.71.230 - - [23/Mar/2017:14:15:53 +0000] "GET /img/portfolio/mario.jpg HTTP/1.1" 200 74033 "http://www.thefouroclockfive.com/" "Mozilla/5.0 (iPhone; CPU iPhone OS 10_2_1 like Mac OS X) AppleWebKit/602.4.6 (KHTML, like Gecko) Version/10.0 Mobile/14D27 Safari/602.1"
75.1.71.230 - - [23/Mar/2017:14:15:53 +0000] "GET /img/icon.png HTTP/1.1" 200 13954 "http://www.thefouroclockfive.com/" "Mozilla/5.0 (iPhone; CPU iPhone OS 10_2_1 like Mac OS X) AppleWebKit/602.4.6 (KHTML, like Gecko) Version/10.0 Mobile/14D27 Safari/602.1"
75.1.71.230 - - [23/Mar/2017:14:15:53 +0000] "GET /img/portfolio/aj.jpg HTTP/1.1" 200 64624 "http://www.thefouroclockfive.com/" "Mozilla/5.0 (iPhone; CPU iPhone OS 10_2_1 like Mac OS X) AppleWebKit/602.4.6 (KHTML, like Gecko) Version/10.0 Mobile/14D27 Safari/602.1"
75.1.71.230 - - [23/Mar/2017:14:15:53 +0000] "GET /img/portfolio/adam.jpg HTTP/1.1" 200 59367 "http://www.thefouroclockfive.com/" "Mozilla/5.0 (iPhone; CPU iPhone OS 10_2_1 like Mac OS X) AppleWebKit/602.4.6 (KHTML, like Gecko) Version/10.0 Mobile/14D27 Safari/602.1"
75.1.71.230 - - [23/Mar/2017:14:15:53 +0000] "GET /img/portfolio/ryan.jpg HTTP/1.1" 200 80755 "http://www.thefouroclockfive.com/" "Mozilla/5.0 (iPhone; CPU iPhone OS 10_2_1 like Mac OS X) AppleWebKit/602.4.6 (KHTML, like Gecko) Version/10.0 Mobile/14D27 Safari/602.1"
75.1.71.230 - - [23/Mar/2017:14:15:53 +0000] "GET /img/portfolio/friends.png HTTP/1.1" 200 13017 "http://www.thefouroclockfive.com/" "Mozilla/5.0 (iPhone; CPU iPhone OS 10_2_1 like Mac OS X) AppleWebKit/602.4.6 (KHTML, like Gecko) Version/10.0 Mobile/14D27 Safari/602.1"
75.1.71.230 - - [23/Mar/2017:14:15:54 +0000] "GET /img/portfolio/game.png HTTP/1.1" 404 527 "http://www.thefouroclockfive.com/" "Mozilla/5.0 (iPhone; CPU iPhone OS 10_2_1 like Mac OS X) AppleWebKit/602.4.6 (KHTML, like Gecko) Version/10.0 Mobile/14D27 Safari/602.1"
75.1.71.230 - - [23/Mar/2017:14:15:54 +0000] "GET /img/portfolio/safe.png HTTP/1.1" 404 527 "http://www.thefouroclockfive.com/" "Mozilla/5.0 (iPhone; CPU iPhone OS 10_2_1 like Mac OS X) AppleWebKit/602.4.6 (KHTML, like Gecko) Version/10.0 Mobile/14D27 Safari/602.1"
75.1.71.230 - - [23/Mar/2017:14:15:54 +0000] "GET /img/portfolio/submarine.png HTTP/1.1" 404 532 "http://www.thefouroclockfive.com/" "Mozilla/5.0 (iPhone; CPU iPhone OS 10_2_1 like Mac OS X) AppleWebKit/602.4.6 (KHTML, like Gecko) Version/10.0 Mobile/14D27 Safari/602.1"
75.1.71.230 - - [23/Mar/2017:14:15:54 +0000] "GET /img/portfolio/josh-big.jpg HTTP/1.1" 200 70693 "http://www.thefouroclockfive.com/" "Mozilla/5.0 (iPhone; CPU iPhone OS 10_2_1 like Mac OS X) AppleWebKit/602.4.6 (KHTML, like Gecko) Version/10.0 Mobile/14D27 Safari/602.1"
75.1.71.230 - - [23/Mar/2017:14:15:54 +0000] "GET /img/portfolio/mario-big.jpg HTTP/1.1" 200 209811 "http://www.thefouroclockfive.com/" "Mozilla/5.0 (iPhone; CPU iPhone OS 10_2_1 like Mac OS X) AppleWebKit/602.4.6 (KHTML, like Gecko) Version/10.0 Mobile/14D27 Safari/602.1"
75.1.71.230 - - [23/Mar/2017:14:15:54 +0000] "GET /img/portfolio/aj-big.jpg HTTP/1.1" 200 169690 "http://www.thefouroclockfive.com/" "Mozilla/5.0 (iPhone; CPU iPhone OS 10_2_1 like Mac OS X) AppleWebKit/602.4.6 (KHTML, like Gecko) Version/10.0 Mobile/14D27 Safari/602.1"
75.1.71.230 - - [23/Mar/2017:14:15:54 +0000] "GET /img/portfolio/ryan-big.jpg HTTP/1.1" 200 195424 "http://www.thefouroclockfive.com/" "Mozilla/5.0 (iPhone; CPU iPhone OS 10_2_1 like Mac OS X) AppleWebKit/602.4.6 (KHTML, like Gecko) Version/10.0 Mobile/14D27 Safari/602.1"
75.1.71.230 - - [23/Mar/2017:14:15:54 +0000] "GET /img/portfolio/adam-big.jpg HTTP/1.1" 200 167487 "http://www.thefouroclockfive.com/" "Mozilla/5.0 (iPhone; CPU iPhone OS 10_2_1 like Mac OS X) AppleWebKit/602.4.6 (KHTML, like Gecko) Version/10.0 Mobile/14D27 Safari/602.1"
75.1.71.230 - - [23/Mar/2017:14:16:46 +0000] "GET /archives.html HTTP/1.1" 200 4129 "http://www.thefouroclockfive.com/" "Mozilla/5.0 (iPhone; CPU iPhone OS 10_2_1 like Mac OS X) AppleWebKit/602.4.6 (KHTML, like Gecko) Version/10.0 Mobile/14D27 Safari/602.1"
180.76.15.12 - - [23/Mar/2017:14:33:49 +0000] "GET / HTTP/1.1" 200 43701 "-" "Mozilla/5.0 (compatible; Baiduspider/2.0; +http://www.baidu.com/search/spider.html)"
180.76.15.139 - - [23/Mar/2017:14:34:35 +0000] "GET / HTTP/1.1" 200 43701 "-" "Mozilla/5.0 (compatible; Baiduspider/2.0; +http://www.baidu.com/search/spider.html)"
54.159.167.42 - - [23/Mar/2017:14:58:06 +0000] "GET /robots.txt HTTP/1.1" 404 516 "-" "Mozilla/5.0 (compatible; proximic; +http://www.proximic.com/info/spider.php)"
180.76.15.20 - - [23/Mar/2017:15:42:27 +0000] "GET / HTTP/1.1" 200 43701 "-" "Mozilla/5.0 (compatible; Baiduspider/2.0; +http://www.baidu.com/search/spider.html)"
180.76.15.27 - - [23/Mar/2017:15:43:36 +0000] "GET / HTTP/1.1" 200 43701 "-" "Mozilla/5.0 (compatible; Baiduspider/2.0; +http://www.baidu.com/search/spider.html)"
66.249.79.54 - - [23/Mar/2017:16:36:26 +0000] "GET /robots.txt HTTP/1.1" 404 516 "-" "Mozilla/5.0 (compatible; Googlebot/2.1; +http://www.google.com/bot.html)"
66.249.79.54 - - [23/Mar/2017:16:36:26 +0000] "GET /img/portfolio/radio.jpg HTTP/1.1" 200 306671 "-" "Googlebot-Image/1.0"
66.249.79.58 - - [23/Mar/2017:16:36:39 +0000] "GET /img/portfolio/game.png HTTP/1.1" 404 528 "-" "Googlebot-Image/1.0"
180.76.15.21 - - [23/Mar/2017:16:38:46 +0000] "GET / HTTP/1.1" 200 43701 "-" "Mozilla/5.0 (compatible; Baiduspider/2.0; +http://www.baidu.com/search/spider.html)"
180.76.15.28 - - [23/Mar/2017:16:39:45 +0000] "GET / HTTP/1.1" 200 43701 "-" "Mozilla/5.0 (compatible; Baiduspider/2.0; +http://www.baidu.com/search/spider.html)"
66.249.79.58 - - [23/Mar/2017:16:42:21 +0000] "GET /img/portfolio/friends.png HTTP/1.1" 200 13018 "-" "Googlebot-Image/1.0"
88.99.148.40 - - [23/Mar/2017:17:03:43 +0000] "GET / HTTP/1.1" 200 43682 "-" "Mozilla/5.0 (Windows; U; Windows NT 5.1; ru; rv:1.9.0.1) Gecko/2008070208"
180.76.15.30 - - [23/Mar/2017:17:41:12 +0000] "GET / HTTP/1.1" 200 43701 "-" "Mozilla/5.0 (compatible; Baiduspider/2.0; +http://www.baidu.com/search/spider.html)"
180.76.15.23 - - [23/Mar/2017:17:42:18 +0000] "GET / HTTP/1.1" 200 43701 "-" "Mozilla/5.0 (compatible; Baiduspider/2.0; +http://www.baidu.com/search/spider.html)"
66.249.79.130 - - [23/Mar/2017:18:01:46 +0000] "GET /img/portfolio/aj.jpg HTTP/1.1" 200 64625 "-" "Googlebot-Image/1.0"
180.76.15.139 - - [23/Mar/2017:18:42:28 +0000] "GET / HTTP/1.1" 200 43701 "-" "Mozilla/5.0 (compatible; Baiduspider/2.0; +http://www.baidu.com/search/spider.html)"
180.76.15.148 - - [23/Mar/2017:18:43:34 +0000] "GET / HTTP/1.1" 200 43701 "-" "Mozilla/5.0 (compatible; Baiduspider/2.0; +http://www.baidu.com/search/spider.html)"
66.249.79.138 - - [23/Mar/2017:19:24:46 +0000] "GET /img/portfolio/ryan-big.jpg HTTP/1.1" 200 195425 "-" "Googlebot-Image/1.0"
180.76.15.5 - - [23/Mar/2017:19:41:47 +0000] "GET / HTTP/1.1" 200 43701 "-" "Mozilla/5.0 (compatible; Baiduspider/2.0; +http://www.baidu.com/search/spider.html)"
180.76.15.34 - - [23/Mar/2017:19:42:54 +0000] "GET / HTTP/1.1" 200 43701 "-" "Mozilla/5.0 (compatible; Baiduspider/2.0; +http://www.baidu.com/search/spider.html)"
180.76.15.144 - - [23/Mar/2017:19:51:02 +0000] "GET / HTTP/1.1" 200 6965 "-" "Mozilla/5.0 (compatible; Baiduspider/2.0; +http://www.baidu.com/search/spider.html)"
178.159.37.106 - - [23/Mar/2017:19:52:31 +0000] "GET / HTTP/1.0" 200 43701 "http://thefouroclockfive.com/" "Mozilla/5.0 (Windows NT 6.1; WOW64) AppleWebKit/537.36 (KHTML, like Gecko) Chrome/47.0.2526.111 YaBrowser/16.2.0.3539 Safari/537.36"
180.76.15.155 - - [23/Mar/2017:20:36:51 +0000] "GET / HTTP/1.1" 200 43701 "-" "Mozilla/5.0 (compatible; Baiduspider/2.0; +http://www.baidu.com/search/spider.html)"
180.76.15.32 - - [23/Mar/2017:20:37:46 +0000] "GET / HTTP/1.1" 200 43701 "-" "Mozilla/5.0 (compatible; Baiduspider/2.0; +http://www.baidu.com/search/spider.html)"
66.249.79.130 - - [23/Mar/2017:20:47:38 +0000] "GET /favicon.ico HTTP/1.1" 404 517 "-" "Googlebot-Image/1.0"
180.76.15.17 - - [23/Mar/2017:21:43:12 +0000] "GET / HTTP/1.1" 200 43701 "-" "Mozilla/5.0 (compatible; Baiduspider/2.0; +http://www.baidu.com/search/spider.html)"
180.76.15.34 - - [23/Mar/2017:21:44:24 +0000] "GET / HTTP/1.1" 200 43701 "-" "Mozilla/5.0 (compatible; Baiduspider/2.0; +http://www.baidu.com/search/spider.html)"
66.249.79.138 - - [23/Mar/2017:22:12:29 +0000] "GET /img/portfolio/safe.png HTTP/1.1" 404 528 "-" "Googlebot-Image/1.0"
180.76.15.134 - - [23/Mar/2017:22:36:42 +0000] "GET / HTTP/1.1" 200 43701 "-" "Mozilla/5.0 (compatible; Baiduspider/2.0; +http://www.baidu.com/search/spider.html)"
180.76.15.21 - - [23/Mar/2017:22:37:36 +0000] "GET / HTTP/1.1" 200 43701 "-" "Mozilla/5.0 (compatible; Baiduspider/2.0; +http://www.baidu.com/search/spider.html)"
66.249.79.138 - - [23/Mar/2017:23:35:36 +0000] "GET /img/icon.png HTTP/1.1" 200 13954 "-" "Googlebot-Image/1.0"
180.76.15.17 - - [23/Mar/2017:23:40:00 +0000] "GET / HTTP/1.1" 200 43701 "-" "Mozilla/5.0 (compatible; Baiduspider/2.0; +http://www.baidu.com/search/spider.html)"
180.76.15.139 - - [23/Mar/2017:23:41:03 +0000] "GET / HTTP/1.1" 200 43701 "-" "Mozilla/5.0 (compatible; Baiduspider/2.0; +http://www.baidu.com/search/spider.html)"
94.23.173.249 - - [24/Mar/2017:00:07:00 +0000] "GET / HTTP/1.1" 200 6946 "http://hundejo.com/" "Mozilla/5.0 (X11; Linux x86_64) AppleWebKit/537.36 (KHTML, like Gecko) Chrome/37.0.2062.120 Safari/537.36"
178.159.37.108 - - [24/Mar/2017:00:12:22 +0000] "GET / HTTP/1.0" 200 43701 "http://thefouroclockfive.com/" "Mozilla/5.0 (Windows NT 6.3; WOW64) AppleWebKit/537.36 (KHTML, like Gecko) Chrome/48.0.2564.97 Safari/537.36"
66.249.79.181 - - [24/Mar/2017:00:24:46 +0000] "GET /robots.txt HTTP/1.1" 404 512 "-" "Mozilla/5.0 (compatible; Googlebot/2.1; +http://www.google.com/bot.html)"
66.249.79.181 - - [24/Mar/2017:00:24:46 +0000] "GET /index.html HTTP/1.1" 200 7001 "-" "Mozilla/5.0 (compatible; Googlebot/2.1; +http://www.google.com/bot.html)"
66.249.79.178 - - [24/Mar/2017:00:24:48 +0000] "GET /vendor/bootstrap/css/bootstrap.min.css HTTP/1.1" 200 20084 "http://thefouroclockfive.com/index.html" "Mozilla/5.0 (compatible; Googlebot/2.1; +http://www.google.com/bot.html)"
66.249.79.178 - - [24/Mar/2017:00:24:49 +0000] "GET /css/freelancer.css HTTP/1.1" 200 3131 "http://thefouroclockfive.com/index.html" "Mozilla/5.0 (compatible; Googlebot/2.1; +http://www.google.com/bot.html)"
66.249.79.175 - - [24/Mar/2017:00:24:49 +0000] "GET /vendor/font-awesome/css/font-awesome.min.css HTTP/1.1" 200 7004 "http://thefouroclockfive.com/index.html" "Mozilla/5.0 (compatible; Googlebot/2.1; +http://www.google.com/bot.html)"
66.249.79.175 - - [24/Mar/2017:00:25:47 +0000] "GET /img/portfolio/mario-big.jpg HTTP/1.1" 200 209812 "-" "Googlebot-Image/1.0"
66.249.79.181 - - [24/Mar/2017:00:25:49 +0000] "GET /img/portfolio/adam.jpg HTTP/1.1" 200 59368 "-" "Googlebot-Image/1.0"
66.249.79.178 - - [24/Mar/2017:00:25:57 +0000] "GET /img/portfolio/josh.jpg HTTP/1.1" 200 67533 "-" "Googlebot-Image/1.0"
66.249.79.178 - - [24/Mar/2017:00:26:22 +0000] "GET /img/portfolio/game.png HTTP/1.1" 404 524 "-" "Googlebot-Image/1.0"
66.249.79.178 - - [24/Mar/2017:00:32:27 +0000] "GET /img/portfolio/radio.jpg HTTP/1.1" 200 306672 "-" "Googlebot-Image/1.0"
180.76.15.152 - - [24/Mar/2017:00:36:14 +0000] "GET / HTTP/1.1" 200 43701 "-" "Mozilla/5.0 (compatible; Baiduspider/2.0; +http://www.baidu.com/search/spider.html)"
75.1.71.230 - - [24/Mar/2017:00:36:55 +0000] "GET / HTTP/1.1" 200 7002 "-" "Mozilla/5.0 (iPhone; CPU iPhone OS 10_2_1 like Mac OS X) AppleWebKit/602.4.6 (KHTML, like Gecko) Version/10.0 Mobile/14D27 Safari/602.1"
75.1.71.230 - - [24/Mar/2017:00:36:55 +0000] "GET /apple-touch-icon-120x120-precomposed.png HTTP/1.1" 404 546 "-" "MobileSafari/602.1 CFNetwork/808.3 Darwin/16.3.0"
75.1.71.230 - - [24/Mar/2017:00:36:55 +0000] "GET /apple-touch-icon-120x120.png HTTP/1.1" 404 533 "-" "MobileSafari/602.1 CFNetwork/808.3 Darwin/16.3.0"
75.1.71.230 - - [24/Mar/2017:00:36:55 +0000] "GET /apple-touch-icon-precomposed.png HTTP/1.1" 404 537 "-" "MobileSafari/602.1 CFNetwork/808.3 Darwin/16.3.0"
75.1.71.230 - - [24/Mar/2017:00:36:55 +0000] "GET /apple-touch-icon.png HTTP/1.1" 404 525 "-" "MobileSafari/602.1 CFNetwork/808.3 Darwin/16.3.0"
75.1.71.230 - - [24/Mar/2017:00:36:56 +0000] "GET /favicon.ico HTTP/1.1" 404 516 "-" "MobileSafari/602.1 CFNetwork/808.3 Darwin/16.3.0"
75.1.71.230 - - [24/Mar/2017:00:36:56 +0000] "GET /apple-touch-icon-120x120-precomposed.png HTTP/1.1" 404 545 "-" "MobileSafari/602.1 CFNetwork/808.3 Darwin/16.3.0"
75.1.71.230 - - [24/Mar/2017:00:36:56 +0000] "GET /apple-touch-icon-120x120.png HTTP/1.1" 404 533 "-" "MobileSafari/602.1 CFNetwork/808.3 Darwin/16.3.0"
75.1.71.230 - - [24/Mar/2017:00:36:56 +0000] "GET /favicon.ico HTTP/1.1" 404 516 "-" "MobileSafari/602.1 CFNetwork/808.3 Darwin/16.3.0"
180.76.15.163 - - [24/Mar/2017:00:37:06 +0000] "GET / HTTP/1.1" 200 43701 "-" "Mozilla/5.0 (compatible; Baiduspider/2.0; +http://www.baidu.com/search/spider.html)"
75.1.71.230 - - [24/Mar/2017:01:06:05 +0000] "GET / HTTP/1.1" 200 7002 "-" "Mozilla/5.0 (iPhone; CPU iPhone OS 10_2_1 like Mac OS X) AppleWebKit/602.4.6 (KHTML, like Gecko) Version/10.0 Mobile/14D27 Safari/602.1"
75.1.71.230 - - [24/Mar/2017:01:06:05 +0000] "GET /apple-touch-icon-120x120-precomposed.png HTTP/1.1" 404 546 "-" "MobileSafari/602.1 CFNetwork/808.3 Darwin/16.3.0"
75.1.71.230 - - [24/Mar/2017:01:06:05 +0000] "GET /apple-touch-icon-120x120.png HTTP/1.1" 404 533 "-" "MobileSafari/602.1 CFNetwork/808.3 Darwin/16.3.0"
75.1.71.230 - - [24/Mar/2017:01:06:05 +0000] "GET /apple-touch-icon-precomposed.png HTTP/1.1" 404 537 "-" "MobileSafari/602.1 CFNetwork/808.3 Darwin/16.3.0"
75.1.71.230 - - [24/Mar/2017:01:06:05 +0000] "GET /apple-touch-icon.png HTTP/1.1" 404 525 "-" "MobileSafari/602.1 CFNetwork/808.3 Darwin/16.3.0"
75.1.71.230 - - [24/Mar/2017:01:06:06 +0000] "GET /favicon.ico HTTP/1.1" 404 516 "-" "MobileSafari/602.1 CFNetwork/808.3 Darwin/16.3.0"
75.1.71.230 - - [24/Mar/2017:01:06:06 +0000] "GET /apple-touch-icon-120x120-precomposed.png HTTP/1.1" 404 545 "-" "MobileSafari/602.1 CFNetwork/808.3 Darwin/16.3.0"
75.1.71.230 - - [24/Mar/2017:01:06:06 +0000] "GET /apple-touch-icon-120x120.png HTTP/1.1" 404 533 "-" "MobileSafari/602.1 CFNetwork/808.3 Darwin/16.3.0"
75.1.71.230 - - [24/Mar/2017:01:06:06 +0000] "GET /favicon.ico HTTP/1.1" 404 516 "-" "MobileSafari/602.1 CFNetwork/808.3 Darwin/16.3.0"
66.249.79.178 - - [24/Mar/2017:01:07:40 +0000] "GET /img/portfolio/ryan-big.jpg HTTP/1.1" 200 195425 "-" "Googlebot-Image/1.0"
180.76.15.148 - - [24/Mar/2017:01:41:33 +0000] "GET / HTTP/1.1" 200 43701 "-" "Mozilla/5.0 (compatible; Baiduspider/2.0; +http://www.baidu.com/search/spider.html)"
180.76.15.152 - - [24/Mar/2017:01:42:40 +0000] "GET / HTTP/1.1" 200 43701 "-" "Mozilla/5.0 (compatible; Baiduspider/2.0; +http://www.baidu.com/search/spider.html)"
66.249.79.175 - - [24/Mar/2017:01:49:46 +0000] "GET /img/icon.png HTTP/1.1" 200 13954 "-" "Googlebot-Image/1.0"
66.249.79.175 - - [24/Mar/2017:02:31:59 +0000] "GET /img/portfolio/adam-big.jpg HTTP/1.1" 200 167488 "-" "Googlebot-Image/1.0"
180.76.15.138 - - [24/Mar/2017:02:33:04 +0000] "GET / HTTP/1.1" 200 43701 "-" "Mozilla/5.0 (compatible; Baiduspider/2.0; +http://www.baidu.com/search/spider.html)"
180.76.15.6 - - [24/Mar/2017:02:33:48 +0000] "GET / HTTP/1.1" 200 43701 "-" "Mozilla/5.0 (compatible; Baiduspider/2.0; +http://www.baidu.com/search/spider.html)"
